
[1m[46m RUN [49m[22m [36mv4.0.18 [39m[90mC:/Users/della/Documents/programaci├│n/unitracker[39m

 [32mÔ£ô[39m src/hooks/__tests__/usePlanEditor.test.js[2m > [22musePlanEditor[2m > [22mstartEditing snapshots the current plan[32m 20[2mms[22m[39m
 [32mÔ£ô[39m src/hooks/__tests__/usePlanEditor.test.js[2m > [22musePlanEditor[2m > [22msavePlan persists to localStorage[32m 7[2mms[22m[39m
 [32mÔ£ô[39m src/hooks/__tests__/usePlanEditor.test.js[2m > [22musePlanEditor[2m > [22mdiscardEdits restores the snapshotted plan[32m 7[2mms[22m[39m
 [32mÔ£ô[39m src/hooks/__tests__/usePlanEditor.test.js[2m > [22musePlanEditor[2m > [22mdiscardEdits is a no-op if startEditing was never called[32m 2[2mms[22m[39m
 [32mÔ£ô[39m src/hooks/__tests__/useEditMode.test.js[2m > [22museEditMode[2m > [22mstarts inactive with no transition[32m 21[2mms[22m[39m
 [32mÔ£ô[39m src/hooks/__tests__/useEditMode.test.js[2m > [22museEditMode[2m > [22menter() activates edit mode with an "entering" transition[32m 4[2mms[22m[39m
 [32mÔ£ô[39m src/hooks/__tests__/useEditMode.test.js[2m > [22museEditMode[2m > [22mclears the transition after the animation duration[32m 3[2mms[22m[39m
 [32mÔ£ô[39m src/hooks/__tests__/useEditMode.test.js[2m > [22museEditMode[2m > [22mexit() sets the exiting transition then deactivates after timeout[32m 3[2mms[22m[39m
 [32mÔ£ô[39m src/hooks/__tests__/useEditMode.test.js[2m > [22museEditMode[2m > [22mforceExit() immediately deactivates without transition[32m 2[2mms[22m[39m
 [32mÔ£ô[39m src/hooks/__tests__/useGrades.test.js[2m > [22museGrades[2m > [22mstarts with empty grades when localStorage is empty[32m 18[2mms[22m[39m
 [32mÔ£ô[39m src/hooks/__tests__/useGrades.test.js[2m > [22museGrades[2m > [22mhydrates from localStorage[32m 2[2mms[22m[39m
 [32mÔ£ô[39m src/hooks/__tests__/useGrades.test.js[2m > [22museGrades[2m > [22msets a grade for a course and persists it[32m 3[2mms[22m[39m
 [32mÔ£ô[39m src/hooks/__tests__/useGrades.test.js[2m > [22museGrades[2m > [22mupdates an existing grade[32m 2[2mms[22m[39m
 [32mÔ£ô[39m src/hooks/__tests__/useGrades.test.js[2m > [22museGrades[2m > [22mcan set a grade to null to remove it[32m 2[2mms[22m[39m
 [32mÔ£ô[39m src/hooks/__tests__/useGrades.test.js[2m > [22museGrades[2m > [22mresetGrades clears all grades and persists[32m 2[2mms[22m[39m
 [32mÔ£ô[39m src/hooks/__tests__/usePlanMutations.test.js[2m > [22musePlanMutations[2m > [22maddCourse[2m > [22mappends a course to the correct semester by flat index[32m 21[2mms[22m[39m
 [32mÔ£ô[39m src/hooks/__tests__/usePlanMutations.test.js[2m > [22musePlanMutations[2m > [22maddCourse[2m > [22mignores empty names[32m 2[2mms[22m[39m
 [32mÔ£ô[39m src/hooks/__tests__/usePlanMutations.test.js[2m > [22musePlanMutations[2m > [22maddCourse[2m > [22madds to semester at index 1 correctly[32m 2[2mms[22m[39m
 [32mÔ£ô[39m src/hooks/__tests__/usePlanMutations.test.js[2m > [22musePlanMutations[2m > [22mremoveCourse[2m > [22mremoves the course and cleans up all references to it in dependencies[32m 2[2mms[22m[39m
 [32mÔ£ô[39m src/hooks/__tests__/usePlanMutations.test.js[2m > [22musePlanMutations[2m > [22mupdateCourseHours[2m > [22mupdates the weekly hours of a specific course[32m 2[2mms[22m[39m
 [32mÔ£ô[39m src/hooks/__tests__/usePlanMutations.test.js[2m > [22musePlanMutations[2m > [22maddSemester[2m > [22madds a new semester, creating a new year when the last year has 2 semesters[32m 5[2mms[22m[39m
 [32mÔ£ô[39m src/hooks/__tests__/usePlanMutations.test.js[2m > [22musePlanMutations[2m > [22maddSemester[2m > [22madds to existing year when it has fewer than 2 semesters[32m 1[2mms[22m[39m
 [32mÔ£ô[39m src/hooks/__tests__/usePlanMutations.test.js[2m > [22musePlanMutations[2m > [22mremoveSemester[2m > [22mremoves the semester and cleans up orphaned dependencies[32m 2[2mms[22m[39m
 [32mÔ£ô[39m src/hooks/__tests__/usePlanMutations.test.js[2m > [22musePlanMutations[2m > [22mremoveSemester[2m > [22mremoves the year entirely if its last semester is removed[32m 1[2mms[22m[39m
 [32mÔ£ô[39m src/hooks/__tests__/usePlanMutations.test.js[2m > [22musePlanMutations[2m > [22mreorderCourse[2m > [22mmoves a course from one semester to another[32m 2[2mms[22m[39m
 [32mÔ£ô[39m src/hooks/__tests__/usePlanMutations.test.js[2m > [22musePlanMutations[2m > [22mreorderCourse[2m > [22mreorders within the same semester[32m 1[2mms[22m[39m
 [32mÔ£ô[39m src/hooks/__tests__/usePlanMutations.test.js[2m > [22musePlanMutations[2m > [22mtoggleDependency[2m > [22madds a dependency when it does not exist[32m 2[2mms[22m[39m
 [32mÔ£ô[39m src/hooks/__tests__/usePlanMutations.test.js[2m > [22musePlanMutations[2m > [22mtoggleDependency[2m > [22mremoves a dependency when it already exists[32m 1[2mms[22m[39m
 [32mÔ£ô[39m src/hooks/__tests__/usePlanData.test.js[2m > [22musePlanData[2m > [22mloads the default plan when localStorage is empty[32m 17[2mms[22m[39m
 [32mÔ£ô[39m src/hooks/__tests__/usePlanData.test.js[2m > [22musePlanData[2m > [22mhydrates from localStorage when a saved plan exists[32m 5[2mms[22m[39m
 [32mÔ£ô[39m src/hooks/__tests__/usePlanData.test.js[2m > [22musePlanData[2m > [22mallCourses flattens courses from all semesters[32m 3[2mms[22m[39m
 [32mÔ£ô[39m src/hooks/__tests__/usePlanData.test.js[2m > [22musePlanData[2m > [22mgetSemesterIndex returns the flat index of the semester containing a course[32m 2[2mms[22m[39m
 [32mÔ£ô[39m src/hooks/__tests__/usePlanData.test.js[2m > [22musePlanData[2m > [22mresetPlan replaces the plan with the empty plan[32m 4[2mms[22m[39m
 [32mÔ£ô[39m src/hooks/__tests__/usePlanStats.test.js[2m > [22musePlanStats[2m > [22mcounts courses by status correctly[32m 29[2mms[22m[39m
 [32mÔ£ô[39m src/hooks/__tests__/usePlanStats.test.js[2m > [22musePlanStats[2m > [22mcalculates total and completed hours (├ù16 weeks)[32m 3[2mms[22m[39m
 [32mÔ£ô[39m src/hooks/__tests__/usePlanStats.test.js[2m > [22musePlanStats[2m > [22mcalculates grade average correctly, ignoring empty/null grades[32m 5[2mms[22m[39m
 [32mÔ£ô[39m src/hooks/__tests__/usePlanStats.test.js[2m > [22musePlanStats[2m > [22mreturns "ÔÇö" for average when no grades exist[32m 2[2mms[22m[39m
 [32mÔ£ô[39m src/hooks/__tests__/usePlanStats.test.js[2m > [22musePlanStats[2m > [22mcalculates completion percentage[32m 3[2mms[22m[39m
 [32mÔ£ô[39m src/hooks/__tests__/usePlanStats.test.js[2m > [22musePlanStats[2m > [22mhandles empty course list[32m 2[2mms[22m[39m
 [32mÔ£ô[39m src/hooks/__tests__/useCourseStatuses.test.js[2m > [22museCourseStatuses[2m > [22mgetEffectiveStatus[2m > [22mreturns "cursar" for courses with no dependencies and no user status[32m 17[2mms[22m[39m
 [32mÔ£ô[39m src/hooks/__tests__/useCourseStatuses.test.js[2m > [22museCourseStatuses[2m > [22mgetEffectiveStatus[2m > [22mreturns "pendiente" for courses whose dependencies are not met[32m 2[2mms[22m[39m
 [32mÔ£ô[39m src/hooks/__tests__/useCourseStatuses.test.js[2m > [22museCourseStatuses[2m > [22mgetEffectiveStatus[2m > [22mreturns "cursar" when all dependencies are met (regular or aprobada)[32m 3[2mms[22m[39m
 [32mÔ£ô[39m src/hooks/__tests__/useCourseStatuses.test.js[2m > [22museCourseStatuses[2m > [22mgetEffectiveStatus[2m > [22mreturns "pendiente" when only some dependencies are met[32m 3[2mms[22m[39m
 [32mÔ£ô[39m src/hooks/__tests__/useCourseStatuses.test.js[2m > [22museCourseStatuses[2m > [22mgetEffectiveStatus[2m > [22mreturns the user status when explicitly set (not pendiente)[32m 3[2mms[22m[39m
 [32mÔ£ô[39m src/hooks/__tests__/useCourseStatuses.test.js[2m > [22museCourseStatuses[2m > [22mcycleStatus[2m > [22mcycles from "cursar" ÔåÆ "regular" (first click on available course)[32m 3[2mms[22m[39m
 [32mÔ£ô[39m src/hooks/__tests__/useCourseStatuses.test.js[2m > [22museCourseStatuses[2m > [22mcycleStatus[2m > [22mcycles through pendiente ÔåÆ regular ÔåÆ aprobada ÔåÆ pendiente[32m 2[2mms[22m[39m
 [32mÔ£ô[39m src/hooks/__tests__/useCourseStatuses.test.js[2m > [22museCourseStatuses[2m > [22mcycleStatus[2m > [22mpersists status changes to localStorage[32m 1[2mms[22m[39m
 [32mÔ£ô[39m src/hooks/__tests__/useCourseStatuses.test.js[2m > [22museCourseStatuses[2m > [22mresetStatuses[2m > [22mclears all statuses and persists the empty state[32m 2[2mms[22m[39m
 [32mÔ£ô[39m src/components/__tests__/EditUI.test.jsx[2m > [22mEditFloatingBar[2m > [22mreturns null when not in edit mode and not exiting[32m 18[2mms[22m[39m
 [32mÔ£ô[39m src/components/__tests__/EditUI.test.jsx[2m > [22mEditFloatingBar[2m > [22mrenders in edit mode with save and discard buttons[32m 22[2mms[22m[39m
 [32mÔ£ô[39m src/components/__tests__/EditUI.test.jsx[2m > [22mEditFloatingBar[2m > [22mrenders during exit transition with exit class[32m 7[2mms[22m[39m
 [32mÔ£ô[39m src/components/__tests__/EditUI.test.jsx[2m > [22mFloatingCard[2m > [22mreturns null when drag is null[32m 11[2mms[22m[39m
 [32mÔ£ô[39m src/components/__tests__/EditUI.test.jsx[2m > [22mFloatingCard[2m > [22mrenders course name at the correct position[32m 4[2mms[22m[39m
 [32mÔ£ô[39m src/components/__tests__/CourseCard.test.jsx[2m > [22mCourseCard[2m > [22mrenders the course name and status label[32m 42[2mms[22m[39m
 [32mÔ£ô[39m src/components/__tests__/CourseCard.test.jsx[2m > [22mCourseCard[2m > [22mshows hours in normal mode when hours > 0[32m 7[2mms[22m[39m
 [32mÔ£ô[39m src/components/__tests__/CourseCard.test.jsx[2m > [22mCourseCard[2m > [22mdoes not show normal-mode hours when hours is 0[32m 5[2mms[22m[39m
 [32mÔ£ô[39m src/components/__tests__/InputModal.test.jsx[2m > [22mInputModal[2m > [22mwhen closed[2m > [22mrenders nothing when open is false[32m 23[2mms[22m[39m
 [32mÔ£ô[39m src/components/__tests__/InputModal.test.jsx[2m > [22mInputModal[2m > [22minput mode (no message prop)[2m > [22mrenders title and input field[32m 32[2mms[22m[39m
 [32mÔ£ô[39m src/components/__tests__/CourseCard.test.jsx[2m > [22mCourseCard[2m > [22mcalls onClick when clicked in normal mode[32m 152[2mms[22m[39m
 [32mÔ£ô[39m src/components/__tests__/CourseCard.test.jsx[2m > [22mCourseCard[2m > [22mdoes not call onClick when clicked in edit mode[32m 59[2mms[22m[39m
 [32mÔ£ô[39m src/components/__tests__/CourseCard.test.jsx[2m > [22mCourseCard[2m > [22mapplies the correct status class[32m 6[2mms[22m[39m
 [32mÔ£ô[39m src/components/__tests__/CourseCard.test.jsx[2m > [22mCourseCard[2m > [22mshows the editing class when in edit mode[32m 6[2mms[22m[39m
 [32mÔ£ô[39m src/components/__tests__/CourseCard.test.jsx[2m > [22mCourseCard[2m > [22mshows the dragging class when isBeingMoved is true[32m 6[2mms[22m[39m
 [32mÔ£ô[39m src/components/__tests__/CourseCard.test.jsx[2m > [22mCourseCard[2m > [22mgrade display[2m > [22mshows grade when status is aprobada and grade exists[32m 4[2mms[22m[39m
 [32mÔ£ô[39m src/components/__tests__/CourseCard.test.jsx[2m > [22mCourseCard[2m > [22mgrade display[2m > [22mshows "+ Nota" button when status is regular and no grade[32m 4[2mms[22m[39m
 [32mÔ£ô[39m src/components/__tests__/CourseCard.test.jsx[2m > [22mCourseCard[2m > [22mgrade display[2m > [22mdoes not show grade area for pendiente status[32m 3[2mms[22m[39m
 [32mÔ£ô[39m src/components/__tests__/InputModal.test.jsx[2m > [22mInputModal[2m > [22minput mode (no message prop)[2m > [22mdisables submit button when input is empty[32m 236[2mms[22m[39m
 [31m├ù[39m src/test/App.integration.test.jsx[2m > [22mApp Integration[2m > [22mrenders the header with plan title and stats[32m 45[2mms[22m[39m
[31m   ÔåÆ editTransition is not defined[39m
 [31m├ù[39m src/test/App.integration.test.jsx[2m > [22mApp Integration[2m > [22mrenders all courses from the plan[32m 11[2mms[22m[39m
[31m   ÔåÆ editTransition is not defined[39m
 [31m├ù[39m src/test/App.integration.test.jsx[2m > [22mApp Integration[2m > [22mshows correct initial statuses based on dependencies[32m 11[2mms[22m[39m
[31m   ÔåÆ editTransition is not defined[39m
 [31m├ù[39m src/test/App.integration.test.jsx[2m > [22mApp Integration[2m > [22mclicking a course cycles its status[32m 13[2mms[22m[39m
[31m   ÔåÆ editTransition is not defined[39m
 [31m├ù[39m src/test/App.integration.test.jsx[2m > [22mApp Integration[2m > [22mmeeting a dependency unlocks downstream courses[32m 14[2mms[22m[39m
[31m   ÔåÆ editTransition is not defined[39m
 [31m├ù[39m src/test/App.integration.test.jsx[2m > [22mApp Integration[2m > [22mconfig menu[2m > [22mopens the config menu when the gear button is clicked[32m 12[2mms[22m[39m
[31m   ÔåÆ editTransition is not defined[39m
 [31m├ù[39m src/test/App.integration.test.jsx[2m > [22mApp Integration[2m > [22medit mode lifecycle[2m > [22mentering edit mode shows the floating edit bar[32m 12[2mms[22m[39m
[31m   ÔåÆ editTransition is not defined[39m
 [31m├ù[39m src/test/App.integration.test.jsx[2m > [22mApp Integration[2m > [22medit mode lifecycle[2m > [22medit mode shows "Agregar materia" and "Agregar cuatrimestre" buttons[32m 12[2mms[22m[39m
[31m   ÔåÆ editTransition is not defined[39m
 [31m├ù[39m src/test/App.integration.test.jsx[2m > [22mApp Integration[2m > [22medit mode lifecycle[2m > [22madding a course via the modal works[32m 10[2mms[22m[39m
[31m   ÔåÆ editTransition is not defined[39m
 [31m├ù[39m src/test/App.integration.test.jsx[2m > [22mApp Integration[2m > [22mreset progress[2m > [22mresets all statuses and grades after confirmation[32m 8[2mms[22m[39m
[31m   ÔåÆ editTransition is not defined[39m
 [32mÔ£ô[39m src/components/__tests__/InputModal.test.jsx[2m > [22mInputModal[2m > [22minput mode (no message prop)[2m > [22mcalls onSubmit with trimmed value on form submit[33m 310[2mms[22m[39m
 [32mÔ£ô[39m src/components/__tests__/InputModal.test.jsx[2m > [22mInputModal[2m > [22minput mode (no message prop)[2m > [22mcalls onCancel when cancel button is clicked[32m 96[2mms[22m[39m
 [32mÔ£ô[39m src/components/__tests__/InputModal.test.jsx[2m > [22mInputModal[2m > [22minput mode (no message prop)[2m > [22mcalls onCancel on Escape keypress[32m 3[2mms[22m[39m
 [32mÔ£ô[39m src/components/__tests__/InputModal.test.jsx[2m > [22mInputModal[2m > [22mcourse mode (showHours)[2m > [22mrenders hours input alongside name input[32m 3[2mms[22m[39m
 [32mÔ£ô[39m src/hooks/__tests__/useUiHooks.test.js[2m > [22museToast[2m > [22mstarts with empty message[32m 10[2mms[22m[39m
 [32mÔ£ô[39m src/hooks/__tests__/useUiHooks.test.js[2m > [22museToast[2m > [22mshow() sets the message and increments the key[32m 2[2mms[22m[39m
 [32mÔ£ô[39m src/hooks/__tests__/useUiHooks.test.js[2m > [22museToast[2m > [22meach show() increments key for re-render triggering[32m 1[2mms[22m[39m
 [32mÔ£ô[39m src/hooks/__tests__/useUiHooks.test.js[2m > [22museConfirmModal[2m > [22mstarts with null modal[32m 1[2mms[22m[39m
 [32mÔ£ô[39m src/hooks/__tests__/useUiHooks.test.js[2m > [22museConfirmModal[2m > [22mconfirm() sets the modal config[32m 1[2mms[22m[39m
 [32mÔ£ô[39m src/hooks/__tests__/useUiHooks.test.js[2m > [22museConfirmModal[2m > [22mclose() clears the modal[32m 1[2mms[22m[39m
 [32mÔ£ô[39m src/components/__tests__/InputModal.test.jsx[2m > [22mInputModal[2m > [22mcourse mode (showHours)[2m > [22msubmits name and parsed hours[33m 316[2mms[22m[39m
 [32mÔ£ô[39m src/components/__tests__/InputModal.test.jsx[2m > [22mInputModal[2m > [22mconfirm mode (message prop)[2m > [22mshows message text instead of input[32m 56[2mms[22m[39m
 [32mÔ£ô[39m src/components/__tests__/InputModal.test.jsx[2m > [22mInputModal[2m > [22mconfirm mode (message prop)[2m > [22msubmit button is not disabled in confirm mode[32m 60[2mms[22m[39m
 [32mÔ£ô[39m src/components/__tests__/InputModal.test.jsx[2m > [22mInputModal[2m > [22mconfirm mode (message prop)[2m > [22mcalls onSubmit when confirm is clicked[32m 66[2mms[22m[39m
node.exe : 
At line:1 char:1
+ & "C:\Program Files\nodejs/node.exe" 
"C:\Program Files\nodejs/node_mo ...
+ ~~~~~~~~~~~~~~~~~~~~~~~~~~~~~~~~~~~~~
~~~~~~~~~~~~~~~~~~~~~~~~~~~~~~~~
    + CategoryInfo          : NotSpeci 
   fied: (:String) [], RemoteExceptio  
  n
    + FullyQualifiedErrorId : NativeCo 
   mmandError
 
[31mÔÄ»ÔÄ»ÔÄ»ÔÄ»ÔÄ»ÔÄ»[39m[1m[41m 
Failed Tests 10 [49m[22m[31mÔÄ»ÔÄ»ÔÄ
»ÔÄ»ÔÄ»ÔÄ»ÔÄ»[39m

[41m[1m FAIL [22m[49m 
src/test/App.integration.test.jsx[2m 
> [22mApp Integration[2m > 
[22mrenders the header with plan 
title and stats
[41m[1m FAIL [22m[49m 
src/test/App.integration.test.jsx[2m 
> [22mApp Integration[2m > 
[22mrenders all courses from the plan
[41m[1m FAIL [22m[49m 
src/test/App.integration.test.jsx[2m 
> [22mApp Integration[2m > 
[22mshows correct initial statuses 
based on dependencies
[41m[1m FAIL [22m[49m 
src/test/App.integration.test.jsx[2m 
> [22mApp Integration[2m > 
[22mclicking a course cycles its 
status
[41m[1m FAIL [22m[49m 
src/test/App.integration.test.jsx[2m 
> [22mApp Integration[2m > 
[22mmeeting a dependency unlocks 
downstream courses
[41m[1m FAIL [22m[49m 
src/test/App.integration.test.jsx[2m 
> [22mApp Integration[2m > 
[22mconfig menu[2m > [22mopens the 
config menu when the gear button is 
clicked
[41m[1m FAIL [22m[49m 
src/test/App.integration.test.jsx[2m 
> [22mApp Integration[2m > [22medit 
mode lifecycle[2m > [22mentering 
edit mode shows the floating edit bar
[41m[1m FAIL [22m[49m 
src/test/App.integration.test.jsx[2m 
> [22mApp Integration[2m > [22medit 
mode lifecycle[2m > [22medit mode 
shows "Agregar materia" and "Agregar 
cuatrimestre" buttons
[41m[1m FAIL [22m[49m 
src/test/App.integration.test.jsx[2m 
> [22mApp Integration[2m > [22medit 
mode lifecycle[2m > [22madding a 
course via the modal works
[41m[1m FAIL [22m[49m 
src/test/App.integration.test.jsx[2m 
> [22mApp Integration[2m > 
[22mreset progress[2m > [22mresets 
all statuses and grades after 
confirmation
[31m[1mReferenceError[22m: 
editTransition is not defined[39m
[36m [2mÔØ»[22m SemesterRow src/comp
onents/SemesterRow.jsx:[2m66:31[22m[
39m
    [90m 64| [39m                
))[33m}[39m
    [90m 65| [39m                {/* 
"Agregar materia" uses CSS animations 
for smooth tÔÇª
    [90m 66| [39m                
[33m{[39m(editMode [33m||[39m 
editTransition [33m===[39m 
[32m'exiting'[39m) [33m&&[39m (
    [90m   | [39m                    
          [31m^[39m
    [90m 67| [39m                    
[33m<[39m[33mdiv[39m
    [90m 68| [39m                    
    className={`course-card 
course-card--add ${ediÔÇª
[90m [2mÔØ»[22m 
Object.react_stack_bottom_frame node_mo
dules/react-dom/cjs/react-dom-client.de
velopment.js:[2m25904:20[22m[39m
[90m [2mÔØ»[22m renderWithHooks node
_modules/react-dom/cjs/react-dom-client
.development.js:[2m7662:22[22m[39m
[90m [2mÔØ»[22m 
updateFunctionComponent node_modules/re
act-dom/cjs/react-dom-client.developmen
t.js:[2m10166:19[22m[39m
[90m [2mÔØ»[22m beginWork node_modul
es/react-dom/cjs/react-dom-client.devel
opment.js:[2m11778:18[22m[39m
[90m [2mÔØ»[22m runWithFiberInDEV no
de_modules/react-dom/cjs/react-dom-clie
nt.development.js:[2m874:13[22m[39m
[90m [2mÔØ»[22m performUnitOfWork no
de_modules/react-dom/cjs/react-dom-clie
nt.development.js:[2m17641:22[22m[39
m
[90m [2mÔØ»[22m workLoopSync node_mo
dules/react-dom/cjs/react-dom-client.de
velopment.js:[2m17469:41[22m[39m
[90m [2mÔØ»[22m renderRootSync node_
modules/react-dom/cjs/react-dom-client.
development.js:[2m17450:11[22m[39m
[90m [2mÔØ»[22m performWorkOnRoot no
de_modules/react-dom/cjs/react-dom-clie
nt.development.js:[2m16583:35[22m[39
m

[31m[2mÔÄ»ÔÄ»ÔÄ»ÔÄ»ÔÄ»ÔÄ»ÔÄ»ÔÄ»ÔÄ»ÔÄ»
ÔÄ»ÔÄ»ÔÄ»ÔÄ»ÔÄ»ÔÄ»ÔÄ»ÔÄ»ÔÄ»ÔÄ»ÔÄ»ÔÄ»ÔÄ»
[1/10]ÔÄ»[22m[39m


[2m Test Files [22m [1m[31m1 failed[39m[22m[2m | [22m[1m[32m11 passed[39m[22m[90m (12)[39m
[2m      Tests [22m [1m[31m10 failed[39m[22m[2m | [22m[1m[32m81 passed[39m[22m[90m (91)[39m
[2m   Start at [22m 15:13:31
[2m   Duration [22m 3.60s[2m (transform 981ms, setup 2.10s, import 5.08s, tests 2.02s, environment 15.23s)[22m

